#
# A fatal error has been detected by the Java Runtime Environment:
#
#  EXCEPTION_STACK_OVERFLOW (0xc00000fd) at pc=0x00000254d522d040, pid=15884, tid=7424
#
# JRE version: OpenJDK Runtime Environment Temurin-17.0.10+7 (17.0.10+7) (build 17.0.10+7)
# Java VM: OpenJDK 64-Bit Server VM Temurin-17.0.10+7 (17.0.10+7, mixed mode, emulated-client, tiered, compressed oops, compressed class ptrs, g1 gc, windows-amd64)
# Problematic frame:
# J 2143 c1 java.nio.Buffer.limit(I)Ljava/nio/Buffer; java.base@17.0.10 (65 bytes) @ 0x00000254d522d040 [0x00000254d522d020+0x0000000000000020]
#
# No core dump will be written. Minidumps are not enabled by default on client versions of Windows
#
# If you would like to submit a bug report, please visit:
#   https://github.com/adoptium/adoptium-support/issues
#

---------------  S U M M A R Y ------------

Command Line: -Dcom.sun.management.jmxremote -Dcom.sun.management.jmxremote.port=57630 -Dcom.sun.management.jmxremote.authenticate=false -Dcom.sun.management.jmxremote.ssl=false -Djava.rmi.server.hostname=localhost -Dspring.jmx.enabled=true -Dmanagement.endpoints.jmx.exposure.include=* -Dspring.application.admin.enabled=true -Dspring.profiles.active=mvn clean -Dspring.output.ansi.enabled=always -XX:TieredStopAtLevel=1 -Dspring.boot.project.name=tblmonitor -Dfile.encoding=UTF-8 -Dstdout.encoding=UTF-8 -Dstderr.encoding=UTF-8 -XX:+ShowCodeDetailsInExceptionMessages com.tblmonitoring.tblmonitor.TblMonitorApplication

Host: Intel(R) Core(TM) i5-5300U CPU @ 2.30GHz, 4 cores, 7G,  Windows 10 , 64 bit Build 19041 (10.0.19041.5794)
Time: Tue May  6 17:06:25 2025 India Standard Time elapsed time: 3585.643128 seconds (0d 0h 59m 45s)

---------------  T H R E A D  ---------------

Current thread (0x00000254e58d49c0):  JavaThread "HikariPool-1 connection closer" daemon [_thread_in_Java, id=7424, stack(0x000000a511e00000,0x000000a511f00000)]

Stack: [0x000000a511e00000,0x000000a511f00000],  sp=0x000000a511efdfc8,  free space=1015k
Native frames: (J=compiled Java code, j=interpreted, Vv=VM code, C=native code)
C  0x00000254d522d040

The last pc belongs to nmethod (printed below).

siginfo: EXCEPTION_STACK_OVERFLOW (0xc00000fd), ExceptionInformation=0x0000000000000001 0x000000a511ef6fc8 


Registers:
RAX=0x000000010006c4b8, RBX=0x00000254df20be98, RCX=0x0000000000000000, RDX=0x000000008563bac8
RSP=0x000000a511efdfc8, RBP=0x000000a511efe610, RSI=0x000000008563bac8, RDI=0x000000008563bac8
R8 =0x0000000000000010, R9 =0x000000000000000c, R10=0x000000010006c4b8, R11=0x000000008563bac8
R12=0x0000000000000000, R13=0x000000008563b890, R14=0x000000a511efe638, R15=0x00000254e58d49c0
RIP=0x00000254d522d040, EFLAGS=0x0000000000010202


Register to memory mapping:

RIP=0x00000254d522d040 is at entry_point+32 in (nmethod*)0x00000254d522ce90
Compiled method (c1) 3585658 2143       1       java.nio.Buffer::limit (65 bytes)
 total in heap  [0x00000254d522ce90,0x00000254d522d1e0] = 848
 relocation     [0x00000254d522cfe8,0x00000254d522d020] = 56
 main code      [0x00000254d522d020,0x00000254d522d120] = 256
 stub code      [0x00000254d522d120,0x00000254d522d168] = 72
 metadata       [0x00000254d522d168,0x00000254d522d170] = 8
 scopes data    [0x00000254d522d170,0x00000254d522d188] = 24
 scopes pcs     [0x00000254d522d188,0x00000254d522d1c8] = 64
 dependencies   [0x00000254d522d1c8,0x00000254d522d1d0] = 8
 nul chk table  [0x00000254d522d1d0,0x00000254d522d1e0] = 16
RAX=0x000000010006c4b8 is a pointer to class: 
java.nio.HeapByteBuffer {0x000000010006c4c0}
 - instance size:     7
 - klass size:        148
 - access:            synchronized 
 - state:             fully_initialized
 - name:              'java/nio/HeapByteBuffer'
 - super:             'java/nio/ByteBuffer'
 - sub:               
 - arrays:            NULL
 - methods:           Array<T>(0x00000254df231ba8)
 - method ordering:   Array<T>(0x00000254df000018)
 - default_methods:   Array<T>(0x0000000000000000)
 - local interfaces:  Array<T>(0x00000254df000058)
 - trans. interfaces: Array<T>(0x00000254df207958)
 - constants:         constant pool [362] {0x00000254df230ed8} for 'java/nio/HeapByteBuffer' cache=0x00000254df234e18
 - class loader data:  loader data: 0x00000254d1608eb0 of 'bootstrap'
 - source file:       'HeapByteBuffer.java'
 - class annotations:       Array<T>(0x0000000000000000)
 - class type annotations:  Array<T>(0x0000000000000000)
 - field annotations:       Array<T>(0x0000000000000000)
 - field type annotations:  Array<T>(0x0000000000000000)
 - inner classes:     Array<T>(0x00000254df234e00)
 - nest members:     Array<T>(0x00000254df000028)
 - permitted subclasses:     Array<T>(0x00000254df000028)
 - java mirror:       a 'java/lang/Class'{0x0000000081efe038} = 'java/nio/HeapByteBuffer'
 - vtable length      84  (start addr: 0x000000010006c680)
 - itable length      5 (start addr: 0x000000010006c920)
 - ---- static fields (3 words):
 - private static final 'ARRAY_BASE_OFFSET' 'J' @112 
 - private static final 'ARRAY_INDEX_SCALE' 'J' @120 
 - static final synthetic '$assertionsDisabled' 'Z' @128 
 - ---- non-static fields (10 words):
 - private 'mark' 'I' @12 
 - 'address' 'J' @16 
 - private 'position' 'I' @24 
 - private 'limit' 'I' @28 
 - private 'capacity' 'I' @32 
 - final 'segment' 'Ljdk/internal/access/foreign/MemorySegmentProxy;' @36 
 - final 'offset' 'I' @40 
 - 'isReadOnly' 'Z' @44 
 - 'bigEndian' 'Z' @45 
 - 'nativeByteOrder' 'Z' @46 
 - final 'hb' '[B' @48 
 - non-static oop maps: 36-36 48-48 
RBX={method} {0x00000254df20bea0} 'limit' '(I)Ljava/nio/Buffer;' in 'java/nio/ByteBuffer'
RCX=0x0 is NULL
RDX=0x000000008563bac8 is an oop: java.nio.HeapByteBuffer 
{0x000000008563bac8} - klass: 'java/nio/HeapByteBuffer'
 - ---- fields (total size 7 words):
 - private 'mark' 'I' @12  -1 (ffffffff)
 - 'address' 'J' @16  0 (0 0)
 - private 'position' 'I' @24  0
 - private 'limit' 'I' @28  0
 - private 'capacity' 'I' @32  16 (10)
 - final 'segment' 'Ljdk/internal/access/foreign/MemorySegmentProxy;' @36  NULL (0)
 - final 'offset' 'I' @40  0
 - 'isReadOnly' 'Z' @44  false
 - 'bigEndian' 'Z' @45  false
 - 'nativeByteOrder' 'Z' @46  false
 - final 'hb' '[B' @48  NULL (0)
RSP=0x000000a511efdfc8 is pointing into the stack for thread: 0x00000254e58d49c0
RBP=0x000000a511efe610 is pointing into the stack for thread: 0x00000254e58d49c0
RSI=0x000000008563bac8 is an oop: java.nio.HeapByteBuffer 
{0x000000008563bac8} - klass: 'java/nio/HeapByteBuffer'
 - ---- fields (total size 7 words):
 - private 'mark' 'I' @12  -1 (ffffffff)
 - 'address' 'J' @16  0 (0 0)
 - private 'position' 'I' @24  0
 - private 'limit' 'I' @28  0
 - private 'capacity' 'I' @32  16 (10)
 - final 'segment' 'Ljdk/internal/access/foreign/MemorySegmentProxy;' @36  NULL (0)
 - final 'offset' 'I' @40  0
 - 'isReadOnly' 'Z' @44  false
 - 'bigEndian' 'Z' @45  false
 - 'nativeByteOrder' 'Z' @46  false
 - final 'hb' '[B' @48  NULL (0)
RDI=0x000000008563bac8 is an oop: java.nio.HeapByteBuffer 
{0x000000008563bac8} - klass: 'java/nio/HeapByteBuffer'
 - ---- fields (total size 7 words):
 - private 'mark' 'I' @12  -1 (ffffffff)
 - 'address' 'J' @16  0 (0 0)
 - private 'position' 'I' @24  0
 - private 'limit' 'I' @28  0
 - private 'capacity' 'I' @32  16 (10)
 - final 'segment' 'Ljdk/internal/access/foreign/MemorySegmentProxy;' @36  NULL (0)
 - final 'offset' 'I' @40  0
 - 'isReadOnly' 'Z' @44  false
 - 'bigEndian' 'Z' @45  false
 - 'nativeByteOrder' 'Z' @46  false
 - final 'hb' '[B' @48  NULL (0)
R8 =0x0000000000000010 is an unknown value
R9 =0x000000000000000c is an unknown value
R10=0x000000010006c4b8 is a pointer to class: 
java.nio.HeapByteBuffer {0x000000010006c4c0}
 - instance size:     7
 - klass size:        148
 - access:            synchronized 
 - state:             fully_initialized
 - name:              'java/nio/HeapByteBuffer'
 - super:             'java/nio/ByteBuffer'
 - sub:               
 - arrays:            NULL
 - methods:           Array<T>(0x00000254df231ba8)
 - method ordering:   Array<T>(0x00000254df000018)
 - default_methods:   Array<T>(0x0000000000000000)
 - local interfaces:  Array<T>(0x00000254df000058)
 - trans. interfaces: Array<T>(0x00000254df207958)
 - constants:         constant pool [362] {0x00000254df230ed8} for 'java/nio/HeapByteBuffer' cache=0x00000254df234e18
 - class loader data:  loader data: 0x00000254d1608eb0 of 'bootstrap'
 - source file:       'HeapByteBuffer.java'
 - class annotations:       Array<T>(0x0000000000000000)
 - class type annotations:  Array<T>(0x0000000000000000)
 - field annotations:       Array<T>(0x0000000000000000)
 - field type annotations:  Array<T>(0x0000000000000000)
 - inner classes:     Array<T>(0x00000254df234e00)
 - nest members:     Array<T>(0x00000254df000028)
 - permitted subclasses:     Array<T>(0x00000254df000028)
 - java mirror:       a 'java/lang/Class'{0x0000000081efe038} = 'java/nio/HeapByteBuffer'
 - vtable length      84  (start addr: 0x000000010006c680)
 - itable length      5 (start addr: 0x000000010006c920)
 - ---- static fields (3 words):
 - private static final 'ARRAY_BASE_OFFSET' 'J' @112 
 - private static final 'ARRAY_INDEX_SCALE' 'J' @120 
 - static final synthetic '$assertionsDisabled' 'Z' @128 
 - ---- non-static fields (10 words):
 - private 'mark' 'I' @12 
 - 'address' 'J' @16 
 - private 'position' 'I' @24 
 - private 'limit' 'I' @28 
 - private 'capacity' 'I' @32 
 - final 'segment' 'Ljdk/internal/access/foreign/MemorySegmentProxy;' @36 
 - final 'offset' 'I' @40 
 - 'isReadOnly' 'Z' @44 
 - 'bigEndian' 'Z' @45 
 - 'nativeByteOrder' 'Z' @46 
 - final 'hb' '[B' @48 
 - non-static oop maps: 36-36 48-48 
R11=0x000000008563bac8 is an oop: java.nio.HeapByteBuffer 
{0x000000008563bac8} - klass: 'java/nio/HeapByteBuffer'
 - ---- fields (total size 7 words):
 - private 'mark' 'I' @12  -1 (ffffffff)
 - 'address' 'J' @16  0 (0 0)
 - private 'position' 'I' @24  0
 - private 'limit' 'I' @28  0
 - private 'capacity' 'I' @32  16 (10)
 - final 'segment' 'Ljdk/internal/access/foreign/MemorySegmentProxy;' @36  NULL (0)
 - final 'offset' 'I' @40  0
 - 'isReadOnly' 'Z' @44  false
 - 'bigEndian' 'Z' @45  false
 - 'nativeByteOrder' 'Z' @46  false
 - final 'hb' '[B' @48  NULL (0)
R12=0x0 is NULL
R13=0x000000008563b890 is an oop: com.sun.crypto.provider.GCTR 
{0x000000008563b890} - klass: 'com/sun/crypto/provider/GCTR'
 - ---- fields (total size 7 words):
 - final 'blockSize' 'I' @12  16 (10)
 - final 'embeddedCipher' 'Lcom/sun/crypto/provider/SymmetricCipher;' @16  a 'com/sun/crypto/provider/AESCrypt'{0x000000008451e990} (8451e990)
 - 'iv' '[B' @20  [B{0x000000008563b870} (8563b870)
 - private 'used' 'I' @24  16 (10)
 - private 'usedSave' 'I' @28  0
 - final 'counter' '[B' @32  [B{0x000000008563b8c8} (8563b8c8)
 - private final 'encryptedCounter' '[B' @36  [B{0x000000008563b8e8} (8563b8e8)
 - private 'counterSave' '[B' @40  NULL (0)
 - private 'encryptedCounterSave' '[B' @44  NULL (0)
 - private 'block' '[B' @48  NULL (0)
R14=0x000000a511efe638 is pointing into the stack for thread: 0x00000254e58d49c0
R15=0x00000254e58d49c0 is a thread


Top of Stack: (sp=0x000000a511efdfc8)
0x000000a511efdfc8:   00000254d52431dc 0000000000000000
0x000000a511efdfd8:   0000000000000000 0000000000000200
0x000000a511efdfe8:   00007ffbe1c3bd28 000000008563bac8
0x000000a511efdff8:   00007ffb00000001 000000a511efe610
0x000000a511efe008:   00000254d52553dc 000000a511efe1c0
0x000000a511efe018:   00007ffbdd52443d 0000000000000200
0x000000a511efe028:   000000a5e1c3c190 000000a511efe180
0x000000a511efe038:   00007ffbdd531131 000000a511efe610
0x000000a511efe048:   00000254d524fc64 0000000000000003
0x000000a511efe058:   0000000000000026 000000a511efe1a8
0x000000a511efe068:   00000000e63ceb30 0000000000000000
0x000000a511efe078:   00007ffbe1c3c4a0 000000a511efe6d0
0x000000a511efe088:   00000254d505a9dc 00007ffbdd520000
0x000000a511efe098:   000000a511efe5e8 0000000000000000
0x000000a511efe0a8:   00000000000007d0 000000008563b308
0x000000a511efe0b8:   00007ffbdd530d9e 000000a511efe6d0
0x000000a511efe0c8:   00000254d5251bdc 000000a511efe710
0x000000a511efe0d8:   000000a511efe628 0000000000000000
0x000000a511efe0e8:   00000000000007d0 ffffffff0000000c
0x000000a511efe0f8:   000000008563bac8 000000a511efe6d0
0x000000a511efe108:   00000254d524fc84 000000a511efe710
0x000000a511efe118:   00007ffbdd530c4f 000000a511efe610
0x000000a511efe128:   00000254d52523ec 00007ffb8b4c9730
0x000000a511efe138:   000000a511efe220 000000a511efe717
0x000000a511efe148:   00000000000007d0 0000000000000007
0x000000a511efe158:   0000000000000001 0000000000000000
0x000000a511efe168:   00007ffbdd60f0b0 00000254cf427760
0x000000a511efe178:   000000008563bac8 000000008563b8c8
0x000000a511efe188:   0000003800000000 000000a511efe610
0x000000a511efe198:   00000254d5606f6c 0000000000000000
0x000000a511efe1a8:   0000000000000000 0000000082dfbcc0
0x000000a511efe1b8:   02ba7691b717de04 00000039c93716de 

Instructions: (pc=0x00000254d522d040)
0x00000254d522cf40:   00 00 00 00 00 00 00 00 00 00 00 00 00 00 00 00
0x00000254d522cf50:   ff ff ff ff 00 00 00 00 00 00 00 00 00 00 00 00
0x00000254d522cf60:   00 00 00 00 00 00 00 00 20 d0 22 d5 54 02 00 00
0x00000254d522cf70:   40 d0 22 d5 54 02 00 00 20 d0 22 d5 54 02 00 00
0x00000254d522cf80:   a4 02 00 00 59 02 00 00 90 01 00 00 90 02 00 00
0x00000254d522cf90:   d8 02 00 00 d8 02 00 00 00 00 00 00 f8 02 00 00
0x00000254d522cfa0:   38 03 00 00 40 03 00 00 40 03 00 00 40 03 00 00
0x00000254d522cfb0:   50 03 00 00 50 03 00 00 50 03 00 00 20 00 00 00
0x00000254d522cfc0:   5f 08 00 00 01 00 00 00 00 00 00 00 02 00 00 00
0x00000254d522cfd0:   00 00 00 00 00 00 00 00 60 00 00 00 04 00 00 00
0x00000254d522cfe0:   ff ff ff ff ff ff ff ff 0b 60 86 b0 0e 34 1b f0
0x00000254d522cff0:   0d 80 11 64 05 64 29 64 15 00 01 f8 61 ff 05 50
0x00000254d522d000:   00 c0 0a 64 05 64 03 f8 4b 8b 40 9a fb 7f 05 70
0x00000254d522d010:   0e 60 01 f8 2e ff 0e 90 0c 64 00 00 00 00 00 00
0x00000254d522d020:   44 8b 52 08 49 c1 e2 03 4c 3b d0 0f 85 4f 40 b0
0x00000254d522d030:   ff 66 66 66 0f 1f 84 00 00 00 00 00 66 66 66 90
0x00000254d522d040:   89 84 24 00 90 ff ff 55 48 83 ec 30 8b 42 20 44
0x00000254d522d050:   3b c0 b8 00 00 00 00 0f 8e 05 00 00 00 b8 01 00
0x00000254d522d060:   00 00 41 83 f8 00 be 00 00 00 00 0f 8d 05 00 00
0x00000254d522d070:   00 be 01 00 00 00 48 0b c6 83 f8 00 0f 85 3d 00
0x00000254d522d080:   00 00 44 89 42 1c 8b 42 18 41 3b c0 0f 8e 04 00
0x00000254d522d090:   00 00 44 89 42 18 8b 42 0c 41 3b c0 0f 8e 07 00
0x00000254d522d0a0:   00 00 c7 42 0c ff ff ff ff 48 8b c2 48 83 c4 30
0x00000254d522d0b0:   5d 49 3b a7 50 03 00 00 0f 87 0e 00 00 00 c3 e8
0x00000254d522d0c0:   bc 42 b0 ff 48 3b 00 e9 3a 00 00 00 49 ba b1 d0
0x00000254d522d0d0:   22 d5 54 02 00 00 4d 89 97 68 03 00 00 e9 1e a9
0x00000254d522d0e0:   b0 ff e8 39 3f ba ff 90 90 49 8b 87 e0 03 00 00
0x00000254d522d0f0:   49 c7 87 e0 03 00 00 00 00 00 00 49 c7 87 e8 03
0x00000254d522d100:   00 00 00 00 00 00 48 83 c4 30 5d e9 f0 2f ba ff
0x00000254d522d110:   f4 f4 f4 f4 f4 f4 f4 f4 f4 f4 f4 f4 f4 f4 f4 f4
0x00000254d522d120:   0f 1f 44 00 00 48 bb 00 00 00 00 00 00 00 00 e9
0x00000254d522d130:   fb ff ff ff e8 c7 5c ba ff 48 b9 40 9a 4b 8b fb 


Stack slot to memory mapping:
stack at sp + 0 slots: 0x00000254d52431dc is at entry_point+60 in (nmethod*)0x00000254d5243010
Compiled method (c1) 3585687 2194       1       java.nio.ByteBuffer::limit (8 bytes)
 total in heap  [0x00000254d5243010,0x00000254d52432d8] = 712
 relocation     [0x00000254d5243168,0x00000254d5243198] = 48
 main code      [0x00000254d52431a0,0x00000254d5243240] = 160
 stub code      [0x00000254d5243240,0x00000254d5243288] = 72
 metadata       [0x00000254d5243288,0x00000254d5243290] = 8
 scopes data    [0x00000254d5243290,0x00000254d52432a0] = 16
 scopes pcs     [0x00000254d52432a0,0x00000254d52432d0] = 48
 dependencies   [0x00000254d52432d0,0x00000254d52432d8] = 8
stack at sp + 1 slots: 0x0 is NULL
stack at sp + 2 slots: 0x0 is NULL
stack at sp + 3 slots: 0x0000000000000200 is an unknown value
stack at sp + 4 slots: 0x00007ffbe1c3bd28 is an unknown value
stack at sp + 5 slots: 0x000000008563bac8 is an oop: java.nio.HeapByteBuffer 
{0x000000008563bac8} - klass: 'java/nio/HeapByteBuffer'
 - ---- fields (total size 7 words):
 - private 'mark' 'I' @12  -1 (ffffffff)
 - 'address' 'J' @16  0 (0 0)
 - private 'position' 'I' @24  0
 - private 'limit' 'I' @28  0
 - private 'capacity' 'I' @32  16 (10)
 - final 'segment' 'Ljdk/internal/access/foreign/MemorySegmentProxy;' @36  NULL (0)
 - final 'offset' 'I' @40  0
 - 'isReadOnly' 'Z' @44  false
 - 'bigEndian' 'Z' @45  false
 - 'nativeByteOrder' 'Z' @46  false
 - final 'hb' '[B' @48  NULL (0)
stack at sp + 6 slots: 0x00007ffb00000001 is an unknown value
stack at sp + 7 slots: 0x000000a511efe610 is pointing into the stack for thread: 0x00000254e58d49c0


Compiled method (c1) 3585703 2143       1       java.nio.Buffer::limit (65 bytes)
 total in heap  [0x00000254d522ce90,0x00000254d522d1e0] = 848
 relocation     [0x00000254d522cfe8,0x00000254d522d020] = 56
 main code      [0x00000254d522d020,0x00000254d522d120] = 256
 stub code      [0x00000254d522d120,0x00000254d522d168] = 72
 metadata       [0x00000254d522d168,0x00000254d522d170] = 8
 scopes data    [0x00000254d522d170,0x00000254d522d188] = 24
 scopes pcs     [0x00000254d522d188,0x00000254d522d1c8] = 64
 dependencies   [0x00000254d522d1c8,0x00000254d522d1d0] = 8
 nul chk table  [0x00000254d522d1d0,0x00000254d522d1e0] = 16

[Constant Pool (empty)]

[MachCode]
[Entry Point]
  # {method} {0x00000254df106ad0} 'limit' '(I)Ljava/nio/Buffer;' in 'java/nio/Buffer'
  # this:     rdx:rdx   = 'java/nio/Buffer'
  # parm0:    r8        = int
  #           [sp+0x40]  (sp of caller)
  0x00000254d522d020: 448b 5208 | 49c1 e203 

  0x00000254d522d028: ;   {runtime_call ic_miss_stub}
  0x00000254d522d028: 4c3b d00f | 854f 40b0 | ff66 6666 | 0f1f 8400 | 0000 0000 | 6666 6690 
[Verified Entry Point]
  0x00000254d522d040: 8984 2400 | 90ff ff55 | 4883 ec30 | 8b42 2044 | 3bc0 b800 | 0000 000f | 8e05 0000 | 00b8 0100 
  0x00000254d522d060: 0000 4183 | f800 be00 | 0000 000f | 8d05 0000 | 00be 0100 | 0000 480b | c683 f800 | 0f85 3d00 
  0x00000254d522d080: 0000 4489 | 421c 8b42 | 1841 3bc0 | 0f8e 0400 | 0000 4489 | 4218 8b42 | 0c41 3bc0 | 0f8e 0700 
  0x00000254d522d0a0: 0000 c742 | 0cff ffff | ff48 8bc2 | 4883 c430 

  0x00000254d522d0b0: ;   {poll_return}
  0x00000254d522d0b0: 5d49 3ba7 | 5003 0000 | 0f87 0e00 

  0x00000254d522d0bc: ;   {optimized virtual_call}
  0x00000254d522d0bc: 0000 c3e8 

  0x00000254d522d0c0: ; ImmutableOopMap {}
                      ;*invokevirtual createLimitException {reexecute=0 rethrow=0 return_oop=0}
                      ; - java.nio.Buffer::limit@28 (line 369)
  0x00000254d522d0c0: bc42 b0ff 

  0x00000254d522d0c4: ; implicit exception: dispatches to 0x00000254d522d0e2
  0x00000254d522d0c4: 483b 00e9 | 3a00 0000 

  0x00000254d522d0cc: ;   {internal_word}
  0x00000254d522d0cc: 49ba b1d0 | 22d5 5402 | 0000 4d89 | 9768 0300 

  0x00000254d522d0dc: ;   {runtime_call SafepointBlob}
  0x00000254d522d0dc: 00e9 1ea9 

  0x00000254d522d0e0: ;   {runtime_call throw_null_pointer_exception Runtime1 stub}
  0x00000254d522d0e0: b0ff e839 

  0x00000254d522d0e4: ; ImmutableOopMap {rax=Oop }
                      ;*athrow {reexecute=1 rethrow=0 return_oop=0}
                      ; - (reexecute) java.nio.Buffer::limit@31 (line 369)
  0x00000254d522d0e4: 3fba ff90 | 9049 8b87 | e003 0000 | 49c7 87e0 | 0300 0000 | 0000 0049 | c787 e803 | 0000 0000 
  0x00000254d522d104: 0000 4883 

  0x00000254d522d108: ;   {runtime_call unwind_exception Runtime1 stub}
  0x00000254d522d108: c430 5de9 | f02f baff | f4f4 f4f4 | f4f4 f4f4 | f4f4 f4f4 | f4f4 f4f4 
[Stub Code]
  0x00000254d522d120: ;   {no_reloc}
  0x00000254d522d120: 0f1f 4400 

  0x00000254d522d124: ;   {static_stub}
  0x00000254d522d124: 0048 bb00 | 0000 0000 

  0x00000254d522d12c: ;   {runtime_call}
  0x00000254d522d12c: 0000 00e9 | fbff ffff 
[Exception Handler]
  0x00000254d522d134: ;   {runtime_call handle_exception_from_callee Runtime1 stub}
  0x00000254d522d134: e8c7 5cba 

  0x00000254d522d138: ;   {external_word}
  0x00000254d522d138: ff48 b940 | 9a4b 8bfb | 7f00 0048 

  0x00000254d522d144: ;   {runtime_call}
  0x00000254d522d144: 83e4 f049 | ba60 2d14 | 8bfb 7f00 | 0041 ffd2 

  0x00000254d522d154: ;   {section_word}
  0x00000254d522d154: f449 ba55 | d122 d554 | 0200 0041 

  0x00000254d522d160: ;   {runtime_call DeoptimizationBlob}
  0x00000254d522d160: 52e9 3a9b | b0ff f4f4 
[/MachCode]


---------------  P R O C E S S  ---------------

Threads class SMR info:
_java_thread_list=0x00000254e4de92e0, length=35, elements={
0x00000254dec33010, 0x00000254dec055e0, 0x00000254e3028ea0, 0x00000254e3029f30,
0x00000254e303b170, 0x00000254e303bb30, 0x00000254e303d550, 0x00000254dec3dfd0,
0x00000254e31ade70, 0x00000254e3202190, 0x00000254e37a5090, 0x00000254e37a56f0,
0x00000254e3707c00, 0x00000254e38f2130, 0x00000254e38f2610, 0x00000254e379d050,
0x00000254e47ee3e0, 0x00000254e47f0750, 0x00000254e47ed9c0, 0x00000254e47efd30,
0x00000254e47ef310, 0x00000254e47eded0, 0x00000254e47ef820, 0x00000254e47ed4b0,
0x00000254e47ee8f0, 0x00000254e47eee00, 0x00000254e58d3580, 0x00000254e58d53e0,
0x00000254e58d44b0, 0x00000254e58d5e00, 0x00000254e58d3070, 0x00000254e58d3a90,
0x00000254e58d3fa0, 0x00000254e58d58f0, 0x00000254e58d49c0
}

Java Threads: ( => current thread )
  0x00000254dec33010 JavaThread "Reference Handler" daemon [_thread_blocked, id=10736, stack(0x000000a512700000,0x000000a512800000)]
  0x00000254dec055e0 JavaThread "Finalizer" daemon [_thread_blocked, id=6296, stack(0x000000a512800000,0x000000a512900000)]
  0x00000254e3028ea0 JavaThread "Signal Dispatcher" daemon [_thread_blocked, id=6444, stack(0x000000a512900000,0x000000a512a00000)]
  0x00000254e3029f30 JavaThread "Attach Listener" daemon [_thread_blocked, id=21068, stack(0x000000a512a00000,0x000000a512b00000)]
  0x00000254e303b170 JavaThread "Service Thread" daemon [_thread_blocked, id=19076, stack(0x000000a512b00000,0x000000a512c00000)]
  0x00000254e303bb30 JavaThread "Monitor Deflation Thread" daemon [_thread_blocked, id=14468, stack(0x000000a512c00000,0x000000a512d00000)]
  0x00000254e303d550 JavaThread "C1 CompilerThread0" daemon [_thread_blocked, id=13268, stack(0x000000a512d00000,0x000000a512e00000)]
  0x00000254dec3dfd0 JavaThread "Sweeper thread" daemon [_thread_blocked, id=12096, stack(0x000000a512e00000,0x000000a512f00000)]
  0x00000254e31ade70 JavaThread "Common-Cleaner" daemon [_thread_blocked, id=14768, stack(0x000000a512f00000,0x000000a513000000)]
  0x00000254e3202190 JavaThread "Notification Thread" daemon [_thread_blocked, id=10976, stack(0x000000a513200000,0x000000a513300000)]
  0x00000254e37a5090 JavaThread "RMI TCP Accept-0" daemon [_thread_in_native, id=18256, stack(0x000000a513400000,0x000000a513500000)]
  0x00000254e37a56f0 JavaThread "RMI TCP Accept-57630" daemon [_thread_in_native, id=12972, stack(0x000000a513500000,0x000000a513600000)]
  0x00000254e3707c00 JavaThread "RMI TCP Accept-0" daemon [_thread_in_native, id=9908, stack(0x000000a513600000,0x000000a513700000)]
  0x00000254e38f2130 JavaThread "RMI Scheduler(0)" daemon [_thread_blocked, id=4468, stack(0x000000a513900000,0x000000a513a00000)]
  0x00000254e38f2610 JavaThread "RMI TCP Connection(idle)" daemon [_thread_blocked, id=8820, stack(0x000000a513a00000,0x000000a513b00000)]
  0x00000254e379d050 JavaThread "JMX server connection timeout 21" daemon [_thread_blocked, id=11936, stack(0x000000a514000000,0x000000a514100000)]
  0x00000254e47ee3e0 JavaThread "Catalina-utility-1" [_thread_blocked, id=2828, stack(0x000000a514100000,0x000000a514200000)]
  0x00000254e47f0750 JavaThread "Catalina-utility-2" [_thread_blocked, id=15420, stack(0x000000a514200000,0x000000a514300000)]
  0x00000254e47ed9c0 JavaThread "container-0" [_thread_blocked, id=21496, stack(0x000000a514300000,0x000000a514400000)]
  0x00000254e47efd30 JavaThread "mysql-cj-abandoned-connection-cleanup" daemon [_thread_blocked, id=11080, stack(0x000000a514400000,0x000000a514500000)]
  0x00000254e47ef310 JavaThread "HikariPool-1 housekeeper" daemon [_thread_blocked, id=14192, stack(0x000000a514600000,0x000000a514700000)]
  0x00000254e47eded0 JavaThread "http-nio-8080-exec-1" daemon [_thread_blocked, id=8916, stack(0x000000a514800000,0x000000a514900000)]
  0x00000254e47ef820 JavaThread "http-nio-8080-exec-2" daemon [_thread_blocked, id=22288, stack(0x000000a514900000,0x000000a514a00000)]
  0x00000254e47ed4b0 JavaThread "http-nio-8080-exec-3" daemon [_thread_blocked, id=15472, stack(0x000000a514a00000,0x000000a514b00000)]
  0x00000254e47ee8f0 JavaThread "http-nio-8080-exec-4" daemon [_thread_blocked, id=19976, stack(0x000000a514b00000,0x000000a514c00000)]
  0x00000254e47eee00 JavaThread "http-nio-8080-exec-5" daemon [_thread_blocked, id=13552, stack(0x000000a514c00000,0x000000a514d00000)]
  0x00000254e58d3580 JavaThread "http-nio-8080-exec-6" daemon [_thread_blocked, id=17996, stack(0x000000a514d00000,0x000000a514e00000)]
  0x00000254e58d53e0 JavaThread "http-nio-8080-exec-7" daemon [_thread_blocked, id=6356, stack(0x000000a514e00000,0x000000a514f00000)]
  0x00000254e58d44b0 JavaThread "http-nio-8080-exec-8" daemon [_thread_blocked, id=18804, stack(0x000000a514f00000,0x000000a515000000)]
  0x00000254e58d5e00 JavaThread "http-nio-8080-exec-9" daemon [_thread_blocked, id=16420, stack(0x000000a515000000,0x000000a515100000)]
  0x00000254e58d3070 JavaThread "http-nio-8080-exec-10" daemon [_thread_blocked, id=16780, stack(0x000000a515100000,0x000000a515200000)]
  0x00000254e58d3a90 JavaThread "http-nio-8080-Poller" daemon [_thread_in_native, id=13780, stack(0x000000a515200000,0x000000a515300000)]
  0x00000254e58d3fa0 JavaThread "http-nio-8080-Acceptor" daemon [_thread_in_native, id=20716, stack(0x000000a515300000,0x000000a515400000)]
  0x00000254e58d58f0 JavaThread "DestroyJavaVM" [_thread_blocked, id=9968, stack(0x000000a512000000,0x000000a512100000)]
=>0x00000254e58d49c0 JavaThread "HikariPool-1 connection closer" daemon [_thread_in_Java, id=7424, stack(0x000000a511e00000,0x000000a511f00000)]

Other Threads:
  0x00000254dec2e380 VMThread "VM Thread" [stack: 0x000000a512600000,0x000000a512700000] [id=8240]
  0x00000254e379dc90 WatcherThread [stack: 0x000000a513700000,0x000000a513800000] [id=13712]
  0x00000254d167cea0 GCTaskThread "GC Thread#0" [stack: 0x000000a512100000,0x000000a512200000] [id=14044]
  0x00000254e3792740 GCTaskThread "GC Thread#1" [stack: 0x000000a513b00000,0x000000a513c00000] [id=17256]
  0x00000254e3792a00 GCTaskThread "GC Thread#2" [stack: 0x000000a513c00000,0x000000a513d00000] [id=15700]
  0x00000254e3978800 GCTaskThread "GC Thread#3" [stack: 0x000000a513d00000,0x000000a513e00000] [id=21588]
  0x00000254d168eac0 ConcurrentGCThread "G1 Main Marker" [stack: 0x000000a512200000,0x000000a512300000] [id=19248]
  0x00000254d168f4e0 ConcurrentGCThread "G1 Conc#0" [stack: 0x000000a512300000,0x000000a512400000] [id=1804]
  0x00000254d16cde00 ConcurrentGCThread "G1 Refine#0" [stack: 0x000000a512400000,0x000000a512500000] [id=17104]
  0x00000254e3978ac0 ConcurrentGCThread "G1 Refine#1" [stack: 0x000000a513e00000,0x000000a513f00000] [id=18064]
  0x00000254e39690a0 ConcurrentGCThread "G1 Refine#2" [stack: 0x000000a513f00000,0x000000a514000000] [id=20888]
  0x00000254d16ce730 ConcurrentGCThread "G1 Service" [stack: 0x000000a512500000,0x000000a512600000] [id=16292]

Threads with active compile tasks:

VM state: not at safepoint (normal execution)

VM Mutex/Monitor currently owned by a thread: None

Heap address: 0x0000000081a00000, size: 2022 MB, Compressed Oops mode: 32-bit

CDS archive(s) not mapped
Compressed class space mapped at: 0x0000000100000000-0x0000000140000000, reserved size: 1073741824
Narrow klass base: 0x0000000000000000, Narrow klass shift: 3, Narrow klass range: 0x140000000

GC Precious Log:
 CPUs: 4 total, 4 available
 Memory: 8082M
 Large Page Support: Disabled
 NUMA Support: Disabled
 Compressed Oops: Enabled (32-bit)
 Heap Region Size: 1M
 Heap Min Capacity: 8M
 Heap Initial Capacity: 128M
 Heap Max Capacity: 2022M
 Pre-touch: Disabled
 Parallel Workers: 4
 Concurrent Workers: 1
 Concurrent Refinement Workers: 4
 Periodic GC: Disabled

Heap:
 garbage-first heap   total 68608K, used 38451K [0x0000000081a00000, 0x0000000100000000)
  region size 1024K, 9 young (9216K), 2 survivors (2048K)
 Metaspace       used 79386K, committed 80000K, reserved 1179648K
  class space    used 10893K, committed 11200K, reserved 1048576K

Heap Regions: E=young(eden), S=young(survivor), O=old, HS=humongous(starts), HC=humongous(continues), CS=collection set, F=free, OA=open archive, CA=closed archive, TAMS=top-at-mark-start (previous, next)
|   0|0x0000000081a00000, 0x0000000081b00000, 0x0000000081b00000|100%|HS|  |TAMS 0x0000000081b00000, 0x0000000081a00000| Complete 
|   1|0x0000000081b00000, 0x0000000081c00000, 0x0000000081c00000|100%|HS|  |TAMS 0x0000000081c00000, 0x0000000081b00000| Complete 
|   2|0x0000000081c00000, 0x0000000081d00000, 0x0000000081d00000|100%| O|  |TAMS 0x0000000081d00000, 0x0000000081c00000| Untracked 
|   3|0x0000000081d00000, 0x0000000081e00000, 0x0000000081e00000|100%| O|  |TAMS 0x0000000081e00000, 0x0000000081d00000| Untracked 
|   4|0x0000000081e00000, 0x0000000081f00000, 0x0000000081f00000|100%| O|  |TAMS 0x0000000081f00000, 0x0000000081e00000| Untracked 
|   5|0x0000000081f00000, 0x0000000082000000, 0x0000000082000000|100%| O|  |TAMS 0x0000000082000000, 0x0000000081f00000| Untracked 
|   6|0x0000000082000000, 0x0000000082100000, 0x0000000082100000|100%| O|  |TAMS 0x0000000082100000, 0x0000000082000000| Untracked 
|   7|0x0000000082100000, 0x0000000082200000, 0x0000000082200000|100%| O|  |TAMS 0x0000000082200000, 0x0000000082100000| Untracked 
|   8|0x0000000082200000, 0x0000000082300000, 0x0000000082300000|100%| O|  |TAMS 0x0000000082300000, 0x0000000082200000| Untracked 
|   9|0x0000000082300000, 0x0000000082400000, 0x0000000082400000|100%| O|  |TAMS 0x0000000082400000, 0x0000000082300000| Untracked 
|  10|0x0000000082400000, 0x0000000082500000, 0x0000000082500000|100%| O|  |TAMS 0x0000000082500000, 0x0000000082400000| Untracked 
|  11|0x0000000082500000, 0x0000000082600000, 0x0000000082600000|100%| O|  |TAMS 0x0000000082600000, 0x0000000082500000| Untracked 
|  12|0x0000000082600000, 0x0000000082700000, 0x0000000082700000|100%| O|  |TAMS 0x0000000082700000, 0x0000000082600000| Untracked 
|  13|0x0000000082700000, 0x0000000082800000, 0x0000000082800000|100%| O|  |TAMS 0x0000000082800000, 0x0000000082700000| Untracked 
|  14|0x0000000082800000, 0x0000000082900000, 0x0000000082900000|100%| O|  |TAMS 0x0000000082900000, 0x0000000082800000| Untracked 
|  15|0x0000000082900000, 0x0000000082a00000, 0x0000000082a00000|100%| O|  |TAMS 0x0000000082a00000, 0x0000000082900000| Untracked 
|  16|0x0000000082a00000, 0x0000000082a9e200, 0x0000000082b00000| 61%| O|  |TAMS 0x0000000082a9e200, 0x0000000082a00000| Untracked 
|  17|0x0000000082b00000, 0x0000000082c00000, 0x0000000082c00000|100%| O|  |TAMS 0x0000000082c00000, 0x0000000082b00000| Untracked 
|  18|0x0000000082c00000, 0x0000000082d00000, 0x0000000082d00000|100%| O|  |TAMS 0x0000000082d00000, 0x0000000082c00000| Untracked 
|  19|0x0000000082d00000, 0x0000000082e00000, 0x0000000082e00000|100%| O|  |TAMS 0x0000000082deaa00, 0x0000000082d00000| Untracked 
|  20|0x0000000082e00000, 0x0000000082f00000, 0x0000000082f00000|100%| O|  |TAMS 0x0000000082e00000, 0x0000000082e00000| Untracked 
|  21|0x0000000082f00000, 0x0000000083000000, 0x0000000083000000|100%| O|  |TAMS 0x0000000082f00000, 0x0000000082f00000| Untracked 
|  22|0x0000000083000000, 0x0000000083100000, 0x0000000083100000|100%| O|  |TAMS 0x0000000083000000, 0x0000000083000000| Untracked 
|  23|0x0000000083100000, 0x0000000083200000, 0x0000000083200000|100%| O|  |TAMS 0x0000000083100000, 0x0000000083100000| Untracked 
|  24|0x0000000083200000, 0x0000000083300000, 0x0000000083300000|100%| O|  |TAMS 0x0000000083200000, 0x0000000083200000| Untracked 
|  25|0x0000000083300000, 0x0000000083400000, 0x0000000083400000|100%| O|  |TAMS 0x0000000083300000, 0x0000000083300000| Untracked 
|  26|0x0000000083400000, 0x0000000083500000, 0x0000000083500000|100%| O|  |TAMS 0x0000000083400000, 0x0000000083400000| Untracked 
|  27|0x0000000083500000, 0x0000000083600000, 0x0000000083600000|100%| O|  |TAMS 0x0000000083500000, 0x0000000083500000| Untracked 
|  28|0x0000000083600000, 0x0000000083700000, 0x0000000083700000|100%| O|  |TAMS 0x0000000083600000, 0x0000000083600000| Untracked 
|  29|0x0000000083700000, 0x0000000083800000, 0x0000000083800000|100%| O|  |TAMS 0x0000000083700000, 0x0000000083700000| Untracked 
|  30|0x0000000083800000, 0x0000000083847e00, 0x0000000083900000| 28%| O|  |TAMS 0x0000000083800000, 0x0000000083800000| Untracked 
|  31|0x0000000083900000, 0x0000000083900000, 0x0000000083a00000|  0%| F|  |TAMS 0x0000000083900000, 0x0000000083900000| Untracked 
|  32|0x0000000083a00000, 0x0000000083a00000, 0x0000000083b00000|  0%| F|  |TAMS 0x0000000083a00000, 0x0000000083a00000| Untracked 
|  33|0x0000000083b00000, 0x0000000083b00000, 0x0000000083c00000|  0%| F|  |TAMS 0x0000000083b00000, 0x0000000083b00000| Untracked 
|  34|0x0000000083c00000, 0x0000000083c00000, 0x0000000083d00000|  0%| F|  |TAMS 0x0000000083c00000, 0x0000000083c00000| Untracked 
|  35|0x0000000083d00000, 0x0000000083d00000, 0x0000000083e00000|  0%| F|  |TAMS 0x0000000083d00000, 0x0000000083d00000| Untracked 
|  36|0x0000000083e00000, 0x0000000083e00000, 0x0000000083f00000|  0%| F|  |TAMS 0x0000000083e00000, 0x0000000083e00000| Untracked 
|  37|0x0000000083f00000, 0x0000000083f00000, 0x0000000084000000|  0%| F|  |TAMS 0x0000000083f00000, 0x0000000083f00000| Untracked 
|  38|0x0000000084000000, 0x0000000084000000, 0x0000000084100000|  0%| F|  |TAMS 0x0000000084000000, 0x0000000084000000| Untracked 
|  39|0x0000000084100000, 0x0000000084100000, 0x0000000084200000|  0%| F|  |TAMS 0x0000000084100000, 0x0000000084100000| Untracked 
|  40|0x0000000084200000, 0x0000000084200000, 0x0000000084300000|  0%| F|  |TAMS 0x0000000084200000, 0x0000000084200000| Untracked 
|  41|0x0000000084300000, 0x0000000084300000, 0x0000000084400000|  0%| F|  |TAMS 0x0000000084300000, 0x0000000084300000| Untracked 
|  42|0x0000000084400000, 0x00000000844a6e50, 0x0000000084500000| 65%| S|CS|TAMS 0x0000000084400000, 0x0000000084400000| Complete 
|  43|0x0000000084500000, 0x0000000084600000, 0x0000000084600000|100%| S|CS|TAMS 0x0000000084500000, 0x0000000084500000| Complete 
|  44|0x0000000084600000, 0x0000000084600000, 0x0000000084700000|  0%| F|  |TAMS 0x0000000084600000, 0x0000000084600000| Untracked 
|  45|0x0000000084700000, 0x0000000084700000, 0x0000000084800000|  0%| F|  |TAMS 0x0000000084700000, 0x0000000084700000| Untracked 
|  46|0x0000000084800000, 0x0000000084800000, 0x0000000084900000|  0%| F|  |TAMS 0x0000000084800000, 0x0000000084800000| Untracked 
|  47|0x0000000084900000, 0x0000000084900000, 0x0000000084a00000|  0%| F|  |TAMS 0x0000000084900000, 0x0000000084900000| Untracked 
|  48|0x0000000084a00000, 0x0000000084a00000, 0x0000000084b00000|  0%| F|  |TAMS 0x0000000084a00000, 0x0000000084a00000| Untracked 
|  49|0x0000000084b00000, 0x0000000084b00000, 0x0000000084c00000|  0%| F|  |TAMS 0x0000000084b00000, 0x0000000084b00000| Untracked 
|  50|0x0000000084c00000, 0x0000000084c00000, 0x0000000084d00000|  0%| F|  |TAMS 0x0000000084c00000, 0x0000000084c00000| Untracked 
|  51|0x0000000084d00000, 0x0000000084d00000, 0x0000000084e00000|  0%| F|  |TAMS 0x0000000084d00000, 0x0000000084d00000| Untracked 
|  52|0x0000000084e00000, 0x0000000084e00000, 0x0000000084f00000|  0%| F|  |TAMS 0x0000000084e00000, 0x0000000084e00000| Untracked 
|  53|0x0000000084f00000, 0x0000000084f00000, 0x0000000085000000|  0%| F|  |TAMS 0x0000000084f00000, 0x0000000084f00000| Untracked 
|  54|0x0000000085000000, 0x0000000085000000, 0x0000000085100000|  0%| F|  |TAMS 0x0000000085000000, 0x0000000085000000| Untracked 
|  55|0x0000000085100000, 0x0000000085100000, 0x0000000085200000|  0%| F|  |TAMS 0x0000000085100000, 0x0000000085100000| Untracked 
|  56|0x0000000085200000, 0x0000000085200000, 0x0000000085300000|  0%| F|  |TAMS 0x0000000085200000, 0x0000000085200000| Untracked 
|  57|0x0000000085300000, 0x0000000085300000, 0x0000000085400000|  0%| F|  |TAMS 0x0000000085300000, 0x0000000085300000| Untracked 
|  58|0x0000000085400000, 0x0000000085400000, 0x0000000085500000|  0%| F|  |TAMS 0x0000000085400000, 0x0000000085400000| Untracked 
|  59|0x0000000085500000, 0x0000000085500000, 0x0000000085600000|  0%| F|  |TAMS 0x0000000085500000, 0x0000000085500000| Untracked 
|  60|0x0000000085600000, 0x0000000085643728, 0x0000000085700000| 26%| E|  |TAMS 0x0000000085600000, 0x0000000085600000| Complete 
|  61|0x0000000085700000, 0x0000000085800000, 0x0000000085800000|100%| E|CS|TAMS 0x0000000085700000, 0x0000000085700000| Complete 
|  62|0x0000000085800000, 0x0000000085900000, 0x0000000085900000|100%| E|CS|TAMS 0x0000000085800000, 0x0000000085800000| Complete 
|  63|0x0000000085900000, 0x0000000085a00000, 0x0000000085a00000|100%| E|CS|TAMS 0x0000000085900000, 0x0000000085900000| Complete 
|  64|0x0000000085a00000, 0x0000000085b00000, 0x0000000085b00000|100%| E|CS|TAMS 0x0000000085a00000, 0x0000000085a00000| Complete 
| 126|0x0000000089800000, 0x0000000089900000, 0x0000000089900000|100%| E|CS|TAMS 0x0000000089800000, 0x0000000089800000| Complete 
| 127|0x0000000089900000, 0x0000000089a00000, 0x0000000089a00000|100%| E|CS|TAMS 0x0000000089900000, 0x0000000089900000| Complete 

Card table byte_map: [0x00000254d80e0000,0x00000254d84e0000] _byte_map_base: 0x00000254d7cd3000

Marking Bits (Prev, Next): (CMBitMap*) 0x00000254d167e4d0, (CMBitMap*) 0x00000254d167e510
 Prev Bits: [0x00000254d88e0000, 0x00000254da878000)
 Next Bits: [0x00000254da880000, 0x00000254dc818000)

Polling page: 0x00000254cf7a0000

Metaspace:

Usage:
  Non-class:     66.89 MB used.
      Class:     10.64 MB used.
       Both:     77.53 MB used.

Virtual space:
  Non-class space:      128.00 MB reserved,      67.19 MB ( 52%) committed,  2 nodes.
      Class space:        1.00 GB reserved,      10.94 MB (  1%) committed,  1 nodes.
             Both:        1.12 GB reserved,      78.12 MB (  7%) committed. 

Chunk freelists:
   Non-Class:  12.08 MB
       Class:  4.91 MB
        Both:  16.99 MB

MaxMetaspaceSize: unlimited
CompressedClassSpaceSize: 1.00 GB
Initial GC threshold: 21.00 MB
Current GC threshold: 108.56 MB
CDS: off
MetaspaceReclaimPolicy: balanced
 - commit_granule_bytes: 65536.
 - commit_granule_words: 8192.
 - virtual_space_node_default_size: 8388608.
 - enlarge_chunks_in_place: 1.
 - new_chunks_are_fully_committed: 0.
 - uncommit_free_chunks: 1.
 - use_allocation_guard: 0.
 - handle_deallocations: 1.


Internal statistics:

num_allocs_failed_limit: 12.
num_arena_births: 900.
num_arena_deaths: 0.
num_vsnodes_births: 3.
num_vsnodes_deaths: 0.
num_space_committed: 1250.
num_space_uncommitted: 0.
num_chunks_returned_to_freelist: 12.
num_chunks_taken_from_freelist: 3461.
num_chunk_merges: 9.
num_chunk_splits: 2460.
num_chunks_enlarged: 1886.
num_inconsistent_stats: 0.

CodeCache: size=49152Kb used=10778Kb max_used=11626Kb free=38373Kb
 bounds [0x00000254d4ce0000, 0x00000254d58c0000, 0x00000254d7ce0000]
 total_blobs=6789 nmethods=6098 adapters=618
 compilation: enabled
              stopped_count=0, restarted_count=0
 full_count=0

Compilation events (20 events):
Event: 3574.560 Thread 0x00000254e303d550 6089       1       sun.security.util.math.intpoly.IntegerPolynomial::get1 (5 bytes)
Event: 3574.560 Thread 0x00000254e303d550 nmethod 6089 0x00000254d4e4f810 code [0x00000254d4e4f9a0, 0x00000254d4e4fb48]
Event: 3574.560 Thread 0x00000254e303d550 6090       1       sun.security.util.math.intpoly.IntegerPolynomial::get1 (10 bytes)
Event: 3574.560 Thread 0x00000254e303d550 nmethod 6090 0x00000254d4e4f410 code [0x00000254d4e4f5a0, 0x00000254d4e4f748]
Event: 3574.567 Thread 0x00000254e303d550 6091       1       java.lang.Throwable::getMessage (5 bytes)
Event: 3574.567 Thread 0x00000254e303d550 nmethod 6091 0x00000254d4e4f110 code [0x00000254d4e4f2a0, 0x00000254d4e4f378]
Event: 3574.567 Thread 0x00000254e303d550 6092       1       sun.security.util.DisabledAlgorithmConstraints::getNamedCurveFromKey (68 bytes)
Event: 3574.569 Thread 0x00000254e303d550 nmethod 6092 0x00000254d4e4e610 code [0x00000254d4e4e840, 0x00000254d4e4eea8]
Event: 3574.569 Thread 0x00000254e303d550 6093       1       sun.security.util.AlgorithmDecomposer::hasLoop (37 bytes)
Event: 3574.569 Thread 0x00000254e303d550 nmethod 6093 0x00000254d4e4e210 code [0x00000254d4e4e3e0, 0x00000254d4e4e558]
Event: 3574.569 Thread 0x00000254e303d550 6095       1       sun.security.ssl.HandshakeHash::update (43 bytes)
Event: 3574.571 Thread 0x00000254e303d550 nmethod 6095 0x00000254d4e4dc90 code [0x00000254d4e4de60, 0x00000254d4e4e088]
Event: 3574.571 Thread 0x00000254e303d550 6096       1       java.util.Formatter$Conversion::isValid (358 bytes)
Event: 3574.571 Thread 0x00000254e303d550 nmethod 6096 0x00000254d4e4d910 code [0x00000254d4e4daa0, 0x00000254d4e4dbd8]
Event: 3574.571 Thread 0x00000254e303d550 6094       1       sun.security.ssl.SSLContextImpl::engineGetClientSessionContext (5 bytes)
Event: 3574.572 Thread 0x00000254e303d550 nmethod 6094 0x00000254d4e4d610 code [0x00000254d4e4d7a0, 0x00000254d4e4d878]
Event: 3574.574 Thread 0x00000254e303d550 6097       1       java.net.SocketImpl::getPort (5 bytes)
Event: 3574.575 Thread 0x00000254e303d550 nmethod 6097 0x00000254d4e4d310 code [0x00000254d4e4d4a0, 0x00000254d4e4d578]
Event: 3578.217 Thread 0x00000254e303d550 6098       1       com.sun.crypto.provider.AESCrypt::makeSessionKey (899 bytes)
Event: 3578.220 Thread 0x00000254e303d550 nmethod 6098 0x00000254d4e4ac90 code [0x00000254d4e4af80, 0x00000254d4e4c378]

GC Heap History (20 events):
Event: 3.663 GC heap before
{Heap before GC invocations=7 (full 0):
 garbage-first heap   total 45056K, used 28390K [0x0000000081a00000, 0x0000000100000000)
  region size 1024K, 18 young (18432K), 3 survivors (3072K)
 Metaspace       used 30549K, committed 30848K, reserved 1114112K
  class space    used 3744K, committed 3904K, reserved 1048576K
}
Event: 3.672 GC heap after
{Heap after GC invocations=8 (full 0):
 garbage-first heap   total 71680K, used 15164K [0x0000000081a00000, 0x0000000100000000)
  region size 1024K, 2 young (2048K), 2 survivors (2048K)
 Metaspace       used 30549K, committed 30848K, reserved 1114112K
  class space    used 3744K, committed 3904K, reserved 1048576K
}
Event: 4.930 GC heap before
{Heap before GC invocations=8 (full 0):
 garbage-first heap   total 71680K, used 48956K [0x0000000081a00000, 0x0000000100000000)
  region size 1024K, 35 young (35840K), 2 survivors (2048K)
 Metaspace       used 35605K, committed 36096K, reserved 1114112K
  class space    used 4581K, committed 4800K, reserved 1048576K
}
Event: 4.943 GC heap after
{Heap after GC invocations=9 (full 0):
 garbage-first heap   total 71680K, used 18115K [0x0000000081a00000, 0x0000000100000000)
  region size 1024K, 5 young (5120K), 5 survivors (5120K)
 Metaspace       used 35605K, committed 36096K, reserved 1114112K
  class space    used 4581K, committed 4800K, reserved 1048576K
}
Event: 4.960 GC heap before
{Heap before GC invocations=9 (full 0):
 garbage-first heap   total 71680K, used 18115K [0x0000000081a00000, 0x0000000100000000)
  region size 1024K, 6 young (6144K), 5 survivors (5120K)
 Metaspace       used 35779K, committed 36160K, reserved 1114112K
  class space    used 4598K, committed 4800K, reserved 1048576K
}
Event: 4.970 GC heap after
{Heap after GC invocations=10 (full 0):
 garbage-first heap   total 71680K, used 18746K [0x0000000081a00000, 0x0000000100000000)
  region size 1024K, 1 young (1024K), 1 survivors (1024K)
 Metaspace       used 35779K, committed 36160K, reserved 1114112K
  class space    used 4598K, committed 4800K, reserved 1048576K
}
Event: 6.162 GC heap before
{Heap before GC invocations=11 (full 0):
 garbage-first heap   total 68608K, used 52538K [0x0000000081a00000, 0x0000000100000000)
  region size 1024K, 34 young (34816K), 1 survivors (1024K)
 Metaspace       used 42523K, committed 42944K, reserved 1114112K
  class space    used 5529K, committed 5696K, reserved 1048576K
}
Event: 6.166 GC heap after
{Heap after GC invocations=12 (full 0):
 garbage-first heap   total 68608K, used 20181K [0x0000000081a00000, 0x0000000100000000)
  region size 1024K, 3 young (3072K), 3 survivors (3072K)
 Metaspace       used 42523K, committed 42944K, reserved 1114112K
  class space    used 5529K, committed 5696K, reserved 1048576K
}
Event: 7.207 GC heap before
{Heap before GC invocations=12 (full 0):
 garbage-first heap   total 68608K, used 50901K [0x0000000081a00000, 0x0000000100000000)
  region size 1024K, 33 young (33792K), 3 survivors (3072K)
 Metaspace       used 52575K, committed 53120K, reserved 1114112K
  class space    used 6889K, committed 7168K, reserved 1048576K
}
Event: 7.214 GC heap after
{Heap after GC invocations=13 (full 0):
 garbage-first heap   total 68608K, used 22748K [0x0000000081a00000, 0x0000000100000000)
  region size 1024K, 5 young (5120K), 5 survivors (5120K)
 Metaspace       used 52575K, committed 53120K, reserved 1114112K
  class space    used 6889K, committed 7168K, reserved 1048576K
}
Event: 8.096 GC heap before
{Heap before GC invocations=13 (full 0):
 garbage-first heap   total 68608K, used 50396K [0x0000000081a00000, 0x0000000100000000)
  region size 1024K, 34 young (34816K), 5 survivors (5120K)
 Metaspace       used 60172K, committed 60736K, reserved 1114112K
  class space    used 7953K, committed 8192K, reserved 1048576K
}
Event: 8.106 GC heap after
{Heap after GC invocations=14 (full 0):
 garbage-first heap   total 68608K, used 24663K [0x0000000081a00000, 0x0000000100000000)
  region size 1024K, 5 young (5120K), 5 survivors (5120K)
 Metaspace       used 60172K, committed 60736K, reserved 1114112K
  class space    used 7953K, committed 8192K, reserved 1048576K
}
Event: 9.067 GC heap before
{Heap before GC invocations=15 (full 0):
 garbage-first heap   total 68608K, used 53335K [0x0000000081a00000, 0x0000000100000000)
  region size 1024K, 33 young (33792K), 5 survivors (5120K)
 Metaspace       used 65896K, committed 66432K, reserved 1114112K
  class space    used 8943K, committed 9216K, reserved 1048576K
}
Event: 9.077 GC heap after
{Heap after GC invocations=16 (full 0):
 garbage-first heap   total 68608K, used 26183K [0x0000000081a00000, 0x0000000100000000)
  region size 1024K, 4 young (4096K), 4 survivors (4096K)
 Metaspace       used 65896K, committed 66432K, reserved 1114112K
  class space    used 8943K, committed 9216K, reserved 1048576K
}
Event: 10.071 GC heap before
{Heap before GC invocations=17 (full 0):
 garbage-first heap   total 68608K, used 53831K [0x0000000081a00000, 0x0000000100000000)
  region size 1024K, 31 young (31744K), 4 survivors (4096K)
 Metaspace       used 70607K, committed 71232K, reserved 1114112K
  class space    used 9641K, committed 9920K, reserved 1048576K
}
Event: 10.080 GC heap after
{Heap after GC invocations=18 (full 0):
 garbage-first heap   total 68608K, used 28283K [0x0000000081a00000, 0x0000000100000000)
  region size 1024K, 4 young (4096K), 4 survivors (4096K)
 Metaspace       used 70607K, committed 71232K, reserved 1114112K
  class space    used 9641K, committed 9920K, reserved 1048576K
}
Event: 150.597 GC heap before
{Heap before GC invocations=18 (full 0):
 garbage-first heap   total 68608K, used 52859K [0x0000000081a00000, 0x0000000100000000)
  region size 1024K, 29 young (29696K), 4 survivors (4096K)
 Metaspace       used 73998K, committed 74624K, reserved 1114112K
  class space    used 10125K, committed 10432K, reserved 1048576K
}
Event: 150.606 GC heap after
{Heap after GC invocations=19 (full 0):
 garbage-first heap   total 68608K, used 30815K [0x0000000081a00000, 0x0000000100000000)
  region size 1024K, 3 young (3072K), 3 survivors (3072K)
 Metaspace       used 73998K, committed 74624K, reserved 1114112K
  class space    used 10125K, committed 10432K, reserved 1048576K
}
Event: 1799.349 GC heap before
{Heap before GC invocations=19 (full 0):
 garbage-first heap   total 68608K, used 53343K [0x0000000081a00000, 0x0000000100000000)
  region size 1024K, 26 young (26624K), 3 survivors (3072K)
 Metaspace       used 79272K, committed 79936K, reserved 1179648K
  class space    used 10876K, committed 11200K, reserved 1048576K
}
Event: 1799.360 GC heap after
{Heap after GC invocations=20 (full 0):
 garbage-first heap   total 68608K, used 32307K [0x0000000081a00000, 0x0000000100000000)
  region size 1024K, 2 young (2048K), 2 survivors (2048K)
 Metaspace       used 79272K, committed 79936K, reserved 1179648K
  class space    used 10876K, committed 11200K, reserved 1048576K
}

Dll operation events (10 events):
Event: 0.016 Loaded shared library C:\eclipse\plugins\org.eclipse.justj.openjdk.hotspot.jre.full.win32.x86_64_17.0.10.v20240120-1143\jre\bin\java.dll
Event: 0.394 Loaded shared library C:\eclipse\plugins\org.eclipse.justj.openjdk.hotspot.jre.full.win32.x86_64_17.0.10.v20240120-1143\jre\bin\jimage.dll
Event: 0.419 Loaded shared library C:\eclipse\plugins\org.eclipse.justj.openjdk.hotspot.jre.full.win32.x86_64_17.0.10.v20240120-1143\jre\bin\net.dll
Event: 0.421 Loaded shared library C:\eclipse\plugins\org.eclipse.justj.openjdk.hotspot.jre.full.win32.x86_64_17.0.10.v20240120-1143\jre\bin\nio.dll
Event: 0.432 Loaded shared library C:\eclipse\plugins\org.eclipse.justj.openjdk.hotspot.jre.full.win32.x86_64_17.0.10.v20240120-1143\jre\bin\zip.dll
Event: 0.543 Loaded shared library C:\eclipse\plugins\org.eclipse.justj.openjdk.hotspot.jre.full.win32.x86_64_17.0.10.v20240120-1143\jre\bin\management.dll
Event: 0.563 Loaded shared library C:\eclipse\plugins\org.eclipse.justj.openjdk.hotspot.jre.full.win32.x86_64_17.0.10.v20240120-1143\jre\bin\management_ext.dll
Event: 0.956 Loaded shared library C:\eclipse\plugins\org.eclipse.justj.openjdk.hotspot.jre.full.win32.x86_64_17.0.10.v20240120-1143\jre\bin\extnet.dll
Event: 2.756 Loaded shared library C:\eclipse\plugins\org.eclipse.justj.openjdk.hotspot.jre.full.win32.x86_64_17.0.10.v20240120-1143\jre\bin\sunmscapi.dll
Event: 6.201 Loaded shared library C:\eclipse\plugins\org.eclipse.justj.openjdk.hotspot.jre.full.win32.x86_64_17.0.10.v20240120-1143\jre\bin\verify.dll

Deoptimization events (2 events):
Event: 4.622 Thread 0x00000254d161fd80 DEOPT PACKING pc=0x00000254d53993cc sp=0x000000a5120fbbe0
Event: 4.622 Thread 0x00000254d161fd80 DEOPT UNPACKING pc=0x00000254d4d37143 sp=0x000000a5120fb0a0 mode 0

Classes unloaded (0 events):
No events

Classes redefined (0 events):
No events

Internal exceptions (20 events):
Event: 1770.927 Thread 0x00000254e58d6310 Exception <a 'java/net/SocketException'{0x00000000849ee178}: Connection reset by peer: shutdown> (0x00000000849ee178) 
thrown [s\src\hotspot\share\prims\jni.cpp, line 535]
Event: 1772.100 Thread 0x00000254e58d6310 Exception <a 'java/io/IOException'{0x00000000849ef888}> (0x00000000849ef888) 
thrown [s\src\hotspot\share\prims\jni.cpp, line 516]
Event: 1772.100 Thread 0x00000254e58d6310 Exception <a 'java/io/IOException'{0x00000000849f03c8}> (0x00000000849f03c8) 
thrown [s\src\hotspot\share\prims\jni.cpp, line 516]
Event: 1787.642 Thread 0x00000254e58d6310 Exception <a 'java/net/SocketException'{0x0000000084790d30}: Connection reset by peer: shutdown> (0x0000000084790d30) 
thrown [s\src\hotspot\share\prims\jni.cpp, line 535]
Event: 1791.321 Thread 0x00000254e58d6310 Exception <a 'java/io/IOException'{0x0000000084792b60}> (0x0000000084792b60) 
thrown [s\src\hotspot\share\prims\jni.cpp, line 516]
Event: 1799.328 Thread 0x00000254e58d49c0 Exception <a 'java/io/IOException'{0x000000008467c9e8}> (0x000000008467c9e8) 
thrown [s\src\hotspot\share\prims\jni.cpp, line 516]
Event: 1799.329 Thread 0x00000254e58d49c0 Exception <a 'java/io/IOException'{0x000000008467d528}> (0x000000008467d528) 
thrown [s\src\hotspot\share\prims\jni.cpp, line 516]
Event: 1802.013 Thread 0x00000254e58d49c0 Exception <a 'java/io/IOException'{0x000000008993e1f8}> (0x000000008993e1f8) 
thrown [s\src\hotspot\share\prims\jni.cpp, line 516]
Event: 1804.341 Thread 0x00000254e58d49c0 Exception <a 'java/io/IOException'{0x0000000089940c80}> (0x0000000089940c80) 
thrown [s\src\hotspot\share\prims\jni.cpp, line 516]
Event: 1804.342 Thread 0x00000254e58d49c0 Exception <a 'java/io/IOException'{0x00000000899417c0}> (0x00000000899417c0) 
thrown [s\src\hotspot\share\prims\jni.cpp, line 516]
Event: 3543.758 Thread 0x00000254e58d6310 Exception <a 'java/io/IOException'{0x000000008593fc98}> (0x000000008593fc98) 
thrown [s\src\hotspot\share\prims\jni.cpp, line 516]
Event: 3543.759 Thread 0x00000254e58d6310 Exception <a 'java/io/IOException'{0x00000000859407d8}> (0x00000000859407d8) 
thrown [s\src\hotspot\share\prims\jni.cpp, line 516]
Event: 3549.291 Thread 0x00000254e58d6310 Exception <a 'java/io/IOException'{0x00000000859afe90}> (0x00000000859afe90) 
thrown [s\src\hotspot\share\prims\jni.cpp, line 516]
Event: 3549.291 Thread 0x00000254e58d6310 Exception <a 'java/io/IOException'{0x00000000859b09d0}> (0x00000000859b09d0) 
thrown [s\src\hotspot\share\prims\jni.cpp, line 516]
Event: 3549.498 Thread 0x00000254e58d6310 Exception <a 'java/io/IOException'{0x00000000859b3650}> (0x00000000859b3650) 
thrown [s\src\hotspot\share\prims\jni.cpp, line 516]
Event: 3549.499 Thread 0x00000254e58d6310 Exception <a 'java/io/IOException'{0x00000000859b4190}> (0x00000000859b4190) 
thrown [s\src\hotspot\share\prims\jni.cpp, line 516]
Event: 3559.591 Thread 0x00000254e58d6310 Exception <a 'java/net/SocketException'{0x00000000858f1290}: Connection reset by peer: shutdown> (0x00000000858f1290) 
thrown [s\src\hotspot\share\prims\jni.cpp, line 535]
Event: 3574.554 Thread 0x00000254e58d49c0 Exception <a 'java/net/SocketException'{0x0000000085760928}: Connection reset by peer: shutdown> (0x0000000085760928) 
thrown [s\src\hotspot\share\prims\jni.cpp, line 535]
Event: 3578.206 Thread 0x00000254e58d49c0 Exception <a 'java/io/IOException'{0x0000000085762230}> (0x0000000085762230) 
thrown [s\src\hotspot\share\prims\jni.cpp, line 516]
Event: 3578.206 Thread 0x00000254e58d49c0 Exception <a 'java/io/IOException'{0x0000000085762d70}> (0x0000000085762d70) 
thrown [s\src\hotspot\share\prims\jni.cpp, line 516]

VM Operations (20 events):
Event: 1771.540 Executing VM operation: Cleanup
Event: 1771.540 Executing VM operation: Cleanup done
Event: 1772.555 Executing VM operation: Cleanup
Event: 1772.555 Executing VM operation: Cleanup done
Event: 1791.702 Executing VM operation: Cleanup
Event: 1791.703 Executing VM operation: Cleanup done
Event: 1799.349 Executing VM operation: G1CollectForAllocation
Event: 1799.360 Executing VM operation: G1CollectForAllocation done
Event: 1802.388 Executing VM operation: Cleanup
Event: 1802.388 Executing VM operation: Cleanup done
Event: 2322.520 Executing VM operation: Cleanup
Event: 2322.520 Executing VM operation: Cleanup done
Event: 2323.532 Executing VM operation: Cleanup
Event: 2323.532 Executing VM operation: Cleanup done
Event: 3421.285 Executing VM operation: Cleanup
Event: 3421.285 Executing VM operation: Cleanup done
Event: 3553.060 Executing VM operation: Cleanup
Event: 3553.060 Executing VM operation: Cleanup done
Event: 3578.253 Executing VM operation: Cleanup
Event: 3578.253 Executing VM operation: Cleanup done

Events (20 events):
Event: 1809.414 Thread 0x00000254e58d4ed0 Thread exited: 0x00000254e58d4ed0
Event: 2322.586 loading class jdk/internal/reflect/UnsafeBooleanFieldAccessorImpl
Event: 2322.588 loading class jdk/internal/reflect/UnsafeBooleanFieldAccessorImpl done
Event: 3543.757 Thread 0x00000254e58d6310 Thread added: 0x00000254e58d6310
Event: 3543.759 Thread 0x00000254e58d49c0 Thread added: 0x00000254e58d49c0
Event: 3548.765 Thread 0x00000254e58d6310 Thread exited: 0x00000254e58d6310
Event: 3548.828 Thread 0x00000254e58d49c0 Thread exited: 0x00000254e58d49c0
Event: 3549.290 Thread 0x00000254e58d6310 Thread added: 0x00000254e58d6310
Event: 3549.292 Thread 0x00000254e58d49c0 Thread added: 0x00000254e58d49c0
Event: 3557.317 Thread 0x00000254e58d6310 Thread exited: 0x00000254e58d6310
Event: 3557.349 Thread 0x00000254e58d49c0 Thread exited: 0x00000254e58d49c0
Event: 3559.590 Thread 0x00000254e58d6310 Thread added: 0x00000254e58d6310
Event: 3559.592 Thread 0x00000254e58d49c0 Thread added: 0x00000254e58d49c0
Event: 3564.593 Thread 0x00000254e58d6310 Thread exited: 0x00000254e58d6310
Event: 3564.657 Thread 0x00000254e58d49c0 Thread exited: 0x00000254e58d49c0
Event: 3574.554 Thread 0x00000254e58d49c0 Thread added: 0x00000254e58d49c0
Event: 3574.555 Thread 0x00000254e58d4ed0 Thread added: 0x00000254e58d4ed0
Event: 3583.212 Thread 0x00000254e58d49c0 Thread exited: 0x00000254e58d49c0
Event: 3583.258 Thread 0x00000254e58d4ed0 Thread exited: 0x00000254e58d4ed0
Event: 3585.638 Thread 0x00000254e58d49c0 Thread added: 0x00000254e58d49c0


Dynamic libraries:
0x00007ff7454f0000 - 0x00007ff7454fe000 	C:\eclipse\plugins\org.eclipse.justj.openjdk.hotspot.jre.full.win32.x86_64_17.0.10.v20240120-1143\jre\bin\javaw.exe
0x00007ffbdf5f0000 - 0x00007ffbdf7e8000 	C:\Windows\SYSTEM32\ntdll.dll
0x00007ffbddb40000 - 0x00007ffbddc02000 	C:\Windows\System32\KERNEL32.DLL
0x00007ffbdd030000 - 0x00007ffbdd326000 	C:\Windows\System32\KERNELBASE.dll
0x00007ffbdd520000 - 0x00007ffbdd620000 	C:\Windows\System32\ucrtbase.dll
0x00007ffbbfee0000 - 0x00007ffbbfef7000 	C:\eclipse\plugins\org.eclipse.justj.openjdk.hotspot.jre.full.win32.x86_64_17.0.10.v20240120-1143\jre\bin\jli.dll
0x00007ffbde8a0000 - 0x00007ffbdea3d000 	C:\Windows\System32\USER32.dll
0x00007ffbdd3e0000 - 0x00007ffbdd402000 	C:\Windows\System32\win32u.dll
0x00007ffbdd790000 - 0x00007ffbdd7bb000 	C:\Windows\System32\GDI32.dll
0x00007ffbdce70000 - 0x00007ffbdcf8a000 	C:\Windows\System32\gdi32full.dll
0x00007ffbdcf90000 - 0x00007ffbdd02d000 	C:\Windows\System32\msvcp_win.dll
0x00007ffbc2620000 - 0x00007ffbc263b000 	C:\eclipse\plugins\org.eclipse.justj.openjdk.hotspot.jre.full.win32.x86_64_17.0.10.v20240120-1143\jre\bin\VCRUNTIME140.dll
0x00007ffbcbbc0000 - 0x00007ffbcbe5a000 	C:\Windows\WinSxS\amd64_microsoft.windows.common-controls_6595b64144ccf1df_6.0.19041.5794_none_60bcd33171f2783c\COMCTL32.dll
0x00007ffbdd620000 - 0x00007ffbdd6be000 	C:\Windows\System32\msvcrt.dll
0x00007ffbdd7c0000 - 0x00007ffbdd7ef000 	C:\Windows\System32\IMM32.DLL
0x00007ffbd6190000 - 0x00007ffbd619c000 	C:\eclipse\plugins\org.eclipse.justj.openjdk.hotspot.jre.full.win32.x86_64_17.0.10.v20240120-1143\jre\bin\vcruntime140_1.dll
0x00007ffbb63c0000 - 0x00007ffbb644d000 	C:\eclipse\plugins\org.eclipse.justj.openjdk.hotspot.jre.full.win32.x86_64_17.0.10.v20240120-1143\jre\bin\msvcp140.dll
0x00007ffb8ab90000 - 0x00007ffb8b7f2000 	C:\eclipse\plugins\org.eclipse.justj.openjdk.hotspot.jre.full.win32.x86_64_17.0.10.v20240120-1143\jre\bin\server\jvm.dll
0x00007ffbdf370000 - 0x00007ffbdf41f000 	C:\Windows\System32\ADVAPI32.dll
0x00007ffbdd920000 - 0x00007ffbdd9bf000 	C:\Windows\System32\sechost.dll
0x00007ffbdd7f0000 - 0x00007ffbdd913000 	C:\Windows\System32\RPCRT4.dll
0x00007ffbdce40000 - 0x00007ffbdce67000 	C:\Windows\System32\bcrypt.dll
0x00007ffbdc220000 - 0x00007ffbdc26b000 	C:\Windows\SYSTEM32\POWRPROF.dll
0x00007ffbcae90000 - 0x00007ffbcae99000 	C:\Windows\SYSTEM32\WSOCK32.dll
0x00007ffbdd720000 - 0x00007ffbdd78b000 	C:\Windows\System32\WS2_32.dll
0x00007ffbce050000 - 0x00007ffbce077000 	C:\Windows\SYSTEM32\WINMM.dll
0x00007ffbcf640000 - 0x00007ffbcf64a000 	C:\Windows\SYSTEM32\VERSION.dll
0x00007ffbdc090000 - 0x00007ffbdc0a2000 	C:\Windows\SYSTEM32\UMPDC.dll
0x00007ffbdb4b0000 - 0x00007ffbdb4c2000 	C:\Windows\SYSTEM32\kernel.appcore.dll
0x00007ffbd6320000 - 0x00007ffbd632a000 	C:\eclipse\plugins\org.eclipse.justj.openjdk.hotspot.jre.full.win32.x86_64_17.0.10.v20240120-1143\jre\bin\jimage.dll
0x00007ffbdb1c0000 - 0x00007ffbdb3a4000 	C:\Windows\SYSTEM32\DBGHELP.DLL
0x00007ffbca320000 - 0x00007ffbca354000 	C:\Windows\SYSTEM32\dbgcore.DLL
0x00007ffbdd410000 - 0x00007ffbdd492000 	C:\Windows\System32\bcryptPrimitives.dll
0x00007ffbbe7d0000 - 0x00007ffbbe7f5000 	C:\eclipse\plugins\org.eclipse.justj.openjdk.hotspot.jre.full.win32.x86_64_17.0.10.v20240120-1143\jre\bin\java.dll
0x00007ffbd61e0000 - 0x00007ffbd61f8000 	C:\eclipse\plugins\org.eclipse.justj.openjdk.hotspot.jre.full.win32.x86_64_17.0.10.v20240120-1143\jre\bin\zip.dll
0x00007ffbddd00000 - 0x00007ffbde46e000 	C:\Windows\System32\SHELL32.dll
0x00007ffbda940000 - 0x00007ffbdb0e3000 	C:\Windows\SYSTEM32\windows.storage.dll
0x00007ffbdea40000 - 0x00007ffbded93000 	C:\Windows\System32\combase.dll
0x00007ffbdc6c0000 - 0x00007ffbdc6eb000 	C:\Windows\SYSTEM32\Wldp.dll
0x00007ffbddc30000 - 0x00007ffbddcfd000 	C:\Windows\System32\OLEAUT32.dll
0x00007ffbde6c0000 - 0x00007ffbde76d000 	C:\Windows\System32\SHCORE.dll
0x00007ffbdd6c0000 - 0x00007ffbdd715000 	C:\Windows\System32\shlwapi.dll
0x00007ffbdcbc0000 - 0x00007ffbdcbe5000 	C:\Windows\SYSTEM32\profapi.dll
0x00007ffbd5410000 - 0x00007ffbd5429000 	C:\eclipse\plugins\org.eclipse.justj.openjdk.hotspot.jre.full.win32.x86_64_17.0.10.v20240120-1143\jre\bin\net.dll
0x00007ffbd1600000 - 0x00007ffbd170a000 	C:\Windows\SYSTEM32\WINHTTP.dll
0x00007ffbdc420000 - 0x00007ffbdc48c000 	C:\Windows\system32\mswsock.dll
0x00007ffbcd2c0000 - 0x00007ffbcd2d6000 	C:\eclipse\plugins\org.eclipse.justj.openjdk.hotspot.jre.full.win32.x86_64_17.0.10.v20240120-1143\jre\bin\nio.dll
0x00007ffbd9820000 - 0x00007ffbd9829000 	C:\eclipse\plugins\org.eclipse.justj.openjdk.hotspot.jre.full.win32.x86_64_17.0.10.v20240120-1143\jre\bin\management.dll
0x00007ffbd69d0000 - 0x00007ffbd69db000 	C:\eclipse\plugins\org.eclipse.justj.openjdk.hotspot.jre.full.win32.x86_64_17.0.10.v20240120-1143\jre\bin\management_ext.dll
0x00007ffbdf300000 - 0x00007ffbdf308000 	C:\Windows\System32\PSAPI.DLL
0x00007ffbc46c0000 - 0x00007ffbc46d7000 	C:\Windows\system32\napinsp.dll
0x00007ffbc46a0000 - 0x00007ffbc46bb000 	C:\Windows\system32\pnrpnsp.dll
0x00007ffbd91b0000 - 0x00007ffbd91c5000 	C:\Windows\system32\wshbth.dll
0x00007ffbd5ba0000 - 0x00007ffbd5bbd000 	C:\Windows\system32\NLAapi.dll
0x00007ffbdc0b0000 - 0x00007ffbdc0eb000 	C:\Windows\SYSTEM32\IPHLPAPI.DLL
0x00007ffbdc0f0000 - 0x00007ffbdc1ba000 	C:\Windows\SYSTEM32\DNSAPI.dll
0x00007ffbde6b0000 - 0x00007ffbde6b8000 	C:\Windows\System32\NSI.dll
0x00007ffbc4680000 - 0x00007ffbc4692000 	C:\Windows\System32\winrnr.dll
0x00007ffbce170000 - 0x00007ffbce17a000 	C:\Windows\System32\rasadhlp.dll
0x00007ffbce090000 - 0x00007ffbce110000 	C:\Windows\System32\fwpuclnt.dll
0x00007ffbdc620000 - 0x00007ffbdc638000 	C:\Windows\SYSTEM32\CRYPTSP.dll
0x00007ffbdbcd0000 - 0x00007ffbdbd08000 	C:\Windows\system32\rsaenh.dll
0x00007ffbdcb80000 - 0x00007ffbdcbae000 	C:\Windows\SYSTEM32\USERENV.dll
0x00007ffbdc610000 - 0x00007ffbdc61c000 	C:\Windows\SYSTEM32\CRYPTBASE.dll
0x00007ffbd28c0000 - 0x00007ffbd28d7000 	C:\Windows\SYSTEM32\dhcpcsvc6.DLL
0x00007ffbd29a0000 - 0x00007ffbd29bd000 	C:\Windows\SYSTEM32\dhcpcsvc.DLL
0x00007ffbd63f0000 - 0x00007ffbd63f9000 	C:\eclipse\plugins\org.eclipse.justj.openjdk.hotspot.jre.full.win32.x86_64_17.0.10.v20240120-1143\jre\bin\extnet.dll
0x00007ffbd6400000 - 0x00007ffbd640e000 	C:\eclipse\plugins\org.eclipse.justj.openjdk.hotspot.jre.full.win32.x86_64_17.0.10.v20240120-1143\jre\bin\sunmscapi.dll
0x00007ffbdcce0000 - 0x00007ffbdce3d000 	C:\Windows\System32\CRYPT32.dll
0x00007ffbdc730000 - 0x00007ffbdc757000 	C:\Windows\SYSTEM32\ncrypt.dll
0x00007ffbdc6f0000 - 0x00007ffbdc72b000 	C:\Windows\SYSTEM32\NTASN1.dll
0x00007ffbd6350000 - 0x00007ffbd6360000 	C:\eclipse\plugins\org.eclipse.justj.openjdk.hotspot.jre.full.win32.x86_64_17.0.10.v20240120-1143\jre\bin\verify.dll
0x00007ffbd5d40000 - 0x00007ffbd5d47000 	C:\Windows\system32\wshunix.dll

dbghelp: loaded successfully - version: 4.0.5 - missing functions: none
symbol engine: initialized successfully - sym options: 0x614 - pdb path: .;C:\eclipse\plugins\org.eclipse.justj.openjdk.hotspot.jre.full.win32.x86_64_17.0.10.v20240120-1143\jre\bin;C:\Windows\SYSTEM32;C:\Windows\WinSxS\amd64_microsoft.windows.common-controls_6595b64144ccf1df_6.0.19041.5794_none_60bcd33171f2783c;C:\eclipse\plugins\org.eclipse.justj.openjdk.hotspot.jre.full.win32.x86_64_17.0.10.v20240120-1143\jre\bin\server

VM Arguments:
jvm_args: -Dcom.sun.management.jmxremote -Dcom.sun.management.jmxremote.port=57630 -Dcom.sun.management.jmxremote.authenticate=false -Dcom.sun.management.jmxremote.ssl=false -Djava.rmi.server.hostname=localhost -Dspring.jmx.enabled=true -Dmanagement.endpoints.jmx.exposure.include=* -Dspring.application.admin.enabled=true -Dspring.profiles.active=mvn clean -Dspring.output.ansi.enabled=always -XX:TieredStopAtLevel=1 -Dspring.boot.project.name=tblmonitor -Dfile.encoding=UTF-8 -Dstdout.encoding=UTF-8 -Dstderr.encoding=UTF-8 -XX:+ShowCodeDetailsInExceptionMessages 
java_command: com.tblmonitoring.tblmonitor.TblMonitorApplication
java_class_path (initial): C:\TBLmonitoringProj\tblmonitor\bin\main;C:\Users\DELL\.gradle\caches\modules-2\files-2.1\org.projectlombok\lombok\1.18.38\57f8f5e02e92a30fd21b80cbd426a4172b5f8e29\lombok-1.18.38.jar;C:\Users\DELL\.gradle\caches\modules-2\files-2.1\org.springframework.boot\spring-boot-starter-data-jpa\3.4.5\c6ef06dfef1b02f3e3f82d67118d3944672e7d49\spring-boot-starter-data-jpa-3.4.5.jar;C:\Users\DELL\.gradle\caches\modules-2\files-2.1\org.springframework.boot\spring-boot-starter-security\3.4.5\1893f9d40f28cc47a87a3478b02e1e45650bfe43\spring-boot-starter-security-3.4.5.jar;C:\Users\DELL\.gradle\caches\modules-2\files-2.1\org.springframework.security\spring-security-config\6.4.5\51f03717b00eb1843073cccb0ff294edb7946917\spring-security-config-6.4.5.jar;C:\Users\DELL\.gradle\caches\modules-2\files-2.1\org.springframework.security\spring-security-web\6.4.5\f430226d6af53c86bf02feb461d9b035953d8deb\spring-security-web-6.4.5.jar;C:\Users\DELL\.gradle\caches\modules-2\files-2.1\org.springframework.security\spring-security-core\6.4.5\ae545fe651f167ccf36f494300f460d6f8c978b8\spring-security-core-6.4.5.jar;C:\Users\DELL\.gradle\caches\modules-2\files-2.1\org.springframework.security\spring-security-crypto\6.4.5\9d3340a1f6cd975dbb72b22b865119b614c43060\spring-security-crypto-6.4.5.jar;C:\Users\DELL\.gradle\caches\modules-2\files-2.1\org.springframework.boot\spring-boot-starter-web\3.4.5\54cb03e8615f0c10cd44b5b7d155af3d0be7d66a\spring-boot-starter-web-3.4.5.jar;C:\Users\DELL\.gradle\caches\modules-2\files-2.1\org.springframework.boot\spring-boot-starter-jdbc\3.4.5\e361f635454d0694547cc226ece3aa10fde7ff2b\spring-boot-starter-jdbc-3.4.5.jar;C:\Users\DELL\.gradle\caches\modules-2\files-2.1\org.springframework.boot\spring-boot-starter-json\3.4.5\b7a87d4565c99754e0fcf4da405ebe3ab0870c88\spring-boot-starter-json-3.4.5.jar;C:\Users\DELL\.gradle\caches\modules-2\files-2.1\org.springframework.boot\spring-boot-starter\3.4.5\3b1cd30bd3be52f5fd0c0934882ec86ed4457646\spring-boot-st
Launcher Type: SUN_STANDARD

[Global flags]
     intx CICompilerCount                          = 3                                         {product} {ergonomic}
     uint ConcGCThreads                            = 1                                         {product} {ergonomic}
     uint G1ConcRefinementThreads                  = 4                                         {product} {ergonomic}
   size_t G1HeapRegionSize                         = 1048576                                   {product} {ergonomic}
    uintx GCDrainStackTargetSize                   = 64                                        {product} {ergonomic}
   size_t InitialHeapSize                          = 134217728                                 {product} {ergonomic}
     bool ManagementServer                         = true                                      {product} {command line}
   size_t MarkStackSize                            = 4194304                                   {product} {ergonomic}
   size_t MaxHeapSize                              = 2120220672                                {product} {ergonomic}
   size_t MaxNewSize                               = 1271922688                                {product} {ergonomic}
   size_t MinHeapDeltaBytes                        = 1048576                                   {product} {ergonomic}
   size_t MinHeapSize                              = 8388608                                   {product} {ergonomic}
    uintx NonProfiledCodeHeapSize                  = 0                                      {pd product} {ergonomic}
     bool ProfileInterpreter                       = false                                  {pd product} {command line}
    uintx ProfiledCodeHeapSize                     = 0                                      {pd product} {ergonomic}
     bool ShowCodeDetailsInExceptionMessages       = true                                   {manageable} {command line}
   size_t SoftMaxHeapSize                          = 2120220672                             {manageable} {ergonomic}
     intx TieredStopAtLevel                        = 1                                         {product} {command line}
     bool UseCompressedClassPointers               = true                           {product lp64_product} {ergonomic}
     bool UseCompressedOops                        = true                           {product lp64_product} {ergonomic}
     bool UseG1GC                                  = true                                      {product} {ergonomic}
     bool UseLargePagesIndividualAllocation        = false                                  {pd product} {ergonomic}

Logging:
Log output configuration:
 #0: stdout all=warning uptime,level,tags
 #1: stderr all=off uptime,level,tags

Environment Variables:
JAVA_HOME=C:\Program Files\Java\jdk-19.0.2
PATH=C:/eclipse//plugins/org.eclipse.justj.openjdk.hotspot.jre.full.win32.x86_64_17.0.10.v20240120-1143/jre/bin/server;C:/eclipse//plugins/org.eclipse.justj.openjdk.hotspot.jre.full.win32.x86_64_17.0.10.v20240120-1143/jre/bin;C:\Program Files\Eclipse Adoptium\jdk-17.0.15.6-hotspot\bin;C:\Windows\system32;C:\Windows;C:\Windows\System32\Wbem;C:\Windows\System32\WindowsPowerShell\v1.0\;C:\Windows\System32\OpenSSH\;C:\Program Files\Java\jdk1.8.0_202\bin;C:\Program Files\dotnet\;C:\xampp\php;C:\ProgramData\ComposerSetup\bin;C:\Program Files\Git\cmd;C:\Program Files\nodejs\;C:\Users\DELL\AppData\Local\Android\Sdk\platform-tools;C:\Users\DELL\AppData\Local\Android\Sdk\platform-tools;C:\Users\DELL\AppData\Local\Microsoft\WindowsApps;C:\Users\DELL\AppData\Local\Programs\Microsoft VS Code\bin;C:\Users\DELL\AppData\Roaming\Composer\vendor\bin;C:\Users\DELL\AppData\Roaming\npm;C:\Users\DELL\AppData\Local\Android\Sdk\platform-tools;C:\Users\DELL\AppData\Local\Android\Sdk\emulator;C:\Users\DELL\AppData\Local\Android\Sdk\tools;C:\Users\DELL\AppData\Local\Android\Sdk\tools\bin;;C:\eclipse;
USERNAME=DELL
OS=Windows_NT
PROCESSOR_IDENTIFIER=Intel64 Family 6 Model 61 Stepping 4, GenuineIntel
TMP=C:\Users\DELL\AppData\Local\Temp
TEMP=C:\Users\DELL\AppData\Local\Temp



Periodic native trim disabled


---------------  S Y S T E M  ---------------

OS:
 Windows 10 , 64 bit Build 19041 (10.0.19041.5794)
OS uptime: 3 days 5:44 hours

CPU: total 4 (initial active 4) (2 cores per cpu, 2 threads per core) family 6 model 61 stepping 4 microcode 0x2d, cx8, cmov, fxsr, ht, mmx, 3dnowpref, sse, sse2, sse3, ssse3, sse4.1, sse4.2, popcnt, lzcnt, tsc, tscinvbit, avx, avx2, aes, erms, clmul, bmi1, bmi2, rtm, adx, fma, vzeroupper, clflush
Processor Information for all 4 processors :
  Max Mhz: 2295, Current Mhz: 2295, Mhz Limit: 2295

Memory: 4k page, system-wide physical 8082M (624M free)
TotalPageFile size 32658M (AvailPageFile size 0M)
current process WorkingSet (physical memory assigned to process): 114M, peak: 223M
current process commit charge ("private bytes"): 248M, peak: 248M

vm_info: OpenJDK 64-Bit Server VM (17.0.10+7) for windows-amd64 JRE (17.0.10+7), built on Jan 16 2024 23:25:11 by "admin" with MS VC++ 16.10 / 16.11 (VS2019)

END.
